Archive member included to satisfy reference by file (symbol)

c:/program files (x86)/gnu tools arm embedded/6 2017-q1-update/bin/../lib/gcc/arm-none-eabi/6.3.1/thumb/v6-m\libgcc.a(_udivsi3.o)
                              ./Src/main.o (__aeabi_uidiv)
c:/program files (x86)/gnu tools arm embedded/6 2017-q1-update/bin/../lib/gcc/arm-none-eabi/6.3.1/thumb/v6-m\libgcc.a(_dvmd_tls.o)
                              c:/program files (x86)/gnu tools arm embedded/6 2017-q1-update/bin/../lib/gcc/arm-none-eabi/6.3.1/thumb/v6-m\libgcc.a(_udivsi3.o) (__aeabi_idiv0)
c:/program files (x86)/gnu tools arm embedded/6 2017-q1-update/bin/../lib/gcc/arm-none-eabi/6.3.1/../../../../arm-none-eabi/lib/thumb/v6-m\libg.a(lib_a-exit.o)
                              c:/program files (x86)/gnu tools arm embedded/6 2017-q1-update/bin/../lib/gcc/arm-none-eabi/6.3.1/../../../../arm-none-eabi/lib/thumb/v6-m/crt0.o (exit)
c:/program files (x86)/gnu tools arm embedded/6 2017-q1-update/bin/../lib/gcc/arm-none-eabi/6.3.1/../../../../arm-none-eabi/lib/thumb/v6-m\libg.a(lib_a-impure.o)
                              c:/program files (x86)/gnu tools arm embedded/6 2017-q1-update/bin/../lib/gcc/arm-none-eabi/6.3.1/../../../../arm-none-eabi/lib/thumb/v6-m\libg.a(lib_a-exit.o) (_global_impure_ptr)
c:/program files (x86)/gnu tools arm embedded/6 2017-q1-update/bin/../lib/gcc/arm-none-eabi/6.3.1/../../../../arm-none-eabi/lib/thumb/v6-m\libg.a(lib_a-init.o)
                              c:/program files (x86)/gnu tools arm embedded/6 2017-q1-update/bin/../lib/gcc/arm-none-eabi/6.3.1/../../../../arm-none-eabi/lib/thumb/v6-m/crt0.o (__libc_init_array)
c:/program files (x86)/gnu tools arm embedded/6 2017-q1-update/bin/../lib/gcc/arm-none-eabi/6.3.1/../../../../arm-none-eabi/lib/thumb/v6-m\libg.a(lib_a-memset.o)
                              c:/program files (x86)/gnu tools arm embedded/6 2017-q1-update/bin/../lib/gcc/arm-none-eabi/6.3.1/../../../../arm-none-eabi/lib/thumb/v6-m/crt0.o (memset)
c:/program files (x86)/gnu tools arm embedded/6 2017-q1-update/bin/../lib/gcc/arm-none-eabi/6.3.1/../../../../arm-none-eabi/lib/thumb/v6-m\libg.a(lib_a-__call_atexit.o)
                              c:/program files (x86)/gnu tools arm embedded/6 2017-q1-update/bin/../lib/gcc/arm-none-eabi/6.3.1/../../../../arm-none-eabi/lib/thumb/v6-m\libg.a(lib_a-exit.o) (__call_exitprocs)
c:/program files (x86)/gnu tools arm embedded/6 2017-q1-update/bin/../lib/gcc/arm-none-eabi/6.3.1/../../../../arm-none-eabi/lib/thumb/v6-m\libg.a(lib_a-atexit.o)
                              c:/program files (x86)/gnu tools arm embedded/6 2017-q1-update/bin/../lib/gcc/arm-none-eabi/6.3.1/../../../../arm-none-eabi/lib/thumb/v6-m\libg.a(lib_a-__call_atexit.o) (atexit)
c:/program files (x86)/gnu tools arm embedded/6 2017-q1-update/bin/../lib/gcc/arm-none-eabi/6.3.1/../../../../arm-none-eabi/lib/thumb/v6-m\libg.a(lib_a-fini.o)
                              c:/program files (x86)/gnu tools arm embedded/6 2017-q1-update/bin/../lib/gcc/arm-none-eabi/6.3.1/../../../../arm-none-eabi/lib/thumb/v6-m\libg.a(lib_a-__call_atexit.o) (__libc_fini_array)
c:/program files (x86)/gnu tools arm embedded/6 2017-q1-update/bin/../lib/gcc/arm-none-eabi/6.3.1/../../../../arm-none-eabi/lib/thumb/v6-m\libg.a(lib_a-lock.o)
                              c:/program files (x86)/gnu tools arm embedded/6 2017-q1-update/bin/../lib/gcc/arm-none-eabi/6.3.1/../../../../arm-none-eabi/lib/thumb/v6-m\libg.a(lib_a-__call_atexit.o) (__retarget_lock_acquire_recursive)
c:/program files (x86)/gnu tools arm embedded/6 2017-q1-update/bin/../lib/gcc/arm-none-eabi/6.3.1/../../../../arm-none-eabi/lib/thumb/v6-m\libg.a(lib_a-__atexit.o)
                              c:/program files (x86)/gnu tools arm embedded/6 2017-q1-update/bin/../lib/gcc/arm-none-eabi/6.3.1/../../../../arm-none-eabi/lib/thumb/v6-m\libg.a(lib_a-atexit.o) (__register_exitproc)

Allocating common symbols
Common symbol       size              file

__lock___atexit_recursive_mutex
                    0x1               c:/program files (x86)/gnu tools arm embedded/6 2017-q1-update/bin/../lib/gcc/arm-none-eabi/6.3.1/../../../../arm-none-eabi/lib/thumb/v6-m\libg.a(lib_a-lock.o)
__lock___arc4random_mutex
                    0x1               c:/program files (x86)/gnu tools arm embedded/6 2017-q1-update/bin/../lib/gcc/arm-none-eabi/6.3.1/../../../../arm-none-eabi/lib/thumb/v6-m\libg.a(lib_a-lock.o)
uwTick              0x4               ./Drivers/STM32L0xx_HAL_Driver/Src/stm32l0xx_hal.o
pFlash              0x18              ./Drivers/STM32L0xx_HAL_Driver/Src/stm32l0xx_hal_flash.o
__lock___env_recursive_mutex
                    0x1               c:/program files (x86)/gnu tools arm embedded/6 2017-q1-update/bin/../lib/gcc/arm-none-eabi/6.3.1/../../../../arm-none-eabi/lib/thumb/v6-m\libg.a(lib_a-lock.o)
__lock___sinit_recursive_mutex
[...]
Memory Configuration

Name             Origin             Length             Attributes
RAM              0x20000000         0x00002000         xrw
FLASH            0x08000000         0x00008000         xr
*default*        0x00000000         0xffffffff

Linker script and memory map

LOAD c:/program files (x86)/gnu tools arm embedded/6 2017-q1-update/bin/../lib/gcc/arm-none-eabi/6.3.1/thumb/v6-m/crti.o
LOAD c:/program files (x86)/gnu tools arm embedded/6 2017-q1-update/bin/../lib/gcc/arm-none-eabi/6.3.1/thumb/v6-m/crtbegin.o
LOAD c:/program files (x86)/gnu tools arm embedded/6 2017-q1-update/bin/../lib/gcc/arm-none-eabi/6.3.1/../../../../arm-none-eabi/lib/thumb/v6-m/crt0.o
LOAD ./startup/startup_stm32l031xx.o
LOAD ./Src/main.o
LOAD ./Src/stm32l0xx_hal_msp.o
LOAD ./Src/stm32l0xx_it.o
LOAD ./Src/system_stm32l0xx.o
LOAD ./Drivers/STM32L0xx_HAL_Driver/Src/stm32l0xx_hal.o
LOAD ./Drivers/STM32L0xx_HAL_Driver/Src/stm32l0xx_hal_cortex.o
LOAD ./Drivers/STM32L0xx_HAL_Driver/Src/stm32l0xx_hal_dma.o
LOAD ./Drivers/STM32L0xx_HAL_Driver/Src/stm32l0xx_hal_flash.o
LOAD ./Drivers/STM32L0xx_HAL_Driver/Src/stm32l0xx_hal_flash_ex.o
LOAD ./Drivers/STM32L0xx_HAL_Driver/Src/stm32l0xx_hal_flash_ramfunc.o
LOAD ./Drivers/STM32L0xx_HAL_Driver/Src/stm32l0xx_hal_gpio.o
LOAD ./Drivers/STM32L0xx_HAL_Driver/Src/stm32l0xx_hal_i2c.o
LOAD ./Drivers/STM32L0xx_HAL_Driver/Src/stm32l0xx_hal_i2c_ex.o
LOAD ./Drivers/STM32L0xx_HAL_Driver/Src/stm32l0xx_hal_pwr.o
LOAD ./Drivers/STM32L0xx_HAL_Driver/Src/stm32l0xx_hal_pwr_ex.o
LOAD ./Drivers/STM32L0xx_HAL_Driver/Src/stm32l0xx_hal_rcc.o
LOAD ./Drivers/STM32L0xx_HAL_Driver/Src/stm32l0xx_hal_rcc_ex.o
LOAD ./Drivers/STM32L0xx_HAL_Driver/Src/stm32l0xx_hal_tim.o
LOAD ./Drivers/STM32L0xx_HAL_Driver/Src/stm32l0xx_hal_tim_ex.o
START GROUP
LOAD c:/program files (x86)/gnu tools arm embedded/6 2017-q1-update/bin/../lib/gcc/arm-none-eabi/6.3.1/thumb/v6-m\libgcc.a
LOAD c:/program files (x86)/gnu tools arm embedded/6 2017-q1-update/bin/../lib/gcc/arm-none-eabi/6.3.1/../../../../arm-none-eabi/lib/thumb/v6-m\libg.a
LOAD c:/program files (x86)/gnu tools arm embedded/6 2017-q1-update/bin/../lib/gcc/arm-none-eabi/6.3.1/../../../../arm-none-eabi/lib/thumb/v6-m\libc.a
END GROUP
LOAD c:/program files (x86)/gnu tools arm embedded/6 2017-q1-update/bin/../lib/gcc/arm-none-eabi/6.3.1/thumb/v6-m/crtend.o
LOAD c:/program files (x86)/gnu tools arm embedded/6 2017-q1-update/bin/../lib/gcc/arm-none-eabi/6.3.1/thumb/v6-m/crtn.o
                0x20002000                _estack = 0x20002000
                0x00000200                _Min_Heap_Size = 0x200
                0x00000400                _Min_Stack_Size = 0x400

.isr_vector     0x08000000       0xc0
                0x08000000                . = ALIGN (0x4)
 *(.isr_vector)
 .isr_vector    0x08000000       0xc0 ./startup/startup_stm32l031xx.o
                0x08000000                g_pfnVectors
                0x080000c0                . = ALIGN (0x4)

.text           0x080000c0     0x2684
                0x080000c0                . = ALIGN (0x4)
 *(.text)
 .text          0x080000c0       0x60 c:/program files (x86)/gnu tools arm embedded/6 2017-q1-update/bin/../lib/gcc/arm-none-eabi/6.3.1/thumb/v6-m/crtbegin.o
 .text          0x08000120      0x114 c:/program files (x86)/gnu tools arm embedded/6 2017-q1-update/bin/../lib/gcc/arm-none-eabi/6.3.1/thumb/v6-m\libgcc.a(_udivsi3.o)
                0x08000120                __aeabi_uidiv
                0x08000120                __udivsi3
                0x0800022c                __aeabi_uidivmod
 .text          0x08000234        0x4 c:/program files (x86)/gnu tools arm embedded/6 2017-q1-update/bin/../lib/gcc/arm-none-eabi/6.3.1/thumb/v6-m\libgcc.a(_dvmd_tls.o)
                0x08000234                __aeabi_idiv0
                0x08000234                __aeabi_ldiv0
 *(.text*)
 .text.Reset_Handler
                0x08000238       0x50 ./startup/startup_stm32l031xx.o
                0x08000238                Reset_Handler
 .text.Default_Handler
                0x08000288        0x2 ./startup/startup_stm32l031xx.o
                0x08000288                HardFault_Handler
                0x08000288                ADC1_COMP_IRQHandler
                0x08000288                PVD_IRQHandler
                0x08000288                PendSV_Handler
                0x08000288                NMI_Handler
                0x08000288                I2C1_IRQHandler
                0x08000288                SPI1_IRQHandler
                0x08000288                EXTI2_3_IRQHandler
                0x08000288                RTC_IRQHandler
                0x08000288                DMA1_Channel4_5_6_7_IRQHandler
                0x08000288                EXTI4_15_IRQHandler
                0x08000288                RCC_IRQHandler
                0x08000288                DMA1_Channel1_IRQHandler
                0x08000288                Default_Handler
                0x08000288                TIM22_IRQHandler
                0x08000288                EXTI0_1_IRQHandler
                0x08000288                SVC_Handler
                0x08000288                WWDG_IRQHandler
                0x08000288                LPUART1_IRQHandler
                0x08000288                TIM2_IRQHandler
                0x08000288                DMA1_Channel2_3_IRQHandler
                0x08000288                USART2_IRQHandler
                0x08000288                FLASH_IRQHandler
                0x08000288                LPTIM1_IRQHandler
 *fill*         0x0800028a        0x2 
 .text.main     0x0800028c       0x74 ./Src/main.o
                0x0800028c                main
 .text.SystemClock_Config
                0x08000300       0xe4 ./Src/main.o
                0x08000300                SystemClock_Config
 .text.MX_TIM2_Init
                0x080003e4       0xc4 ./Src/main.o
 .text.MX_TIM21_Init
                0x080004a8      0x128 ./Src/main.o
 .text.MX_GPIO_Init
                0x080005d0       0xd4 ./Src/main.o
 .text._Error_Handler
                0x080006a4        0xc ./Src/main.o
                0x080006a4                _Error_Handler
 .text.HAL_MspInit
                0x080006b0       0x54 ./Src/stm32l0xx_hal_msp.o
                0x080006b0                HAL_MspInit
 .text.HAL_TIM_OC_MspInit
                0x08000704       0x2c ./Src/stm32l0xx_hal_msp.o
                0x08000704                HAL_TIM_OC_MspInit
 .text.HAL_TIM_MspPostInit
                0x08000730       0x54 ./Src/stm32l0xx_hal_msp.o
                0x08000730                HAL_TIM_MspPostInit
 .text.SysTick_Handler
                0x08000784       0x12 ./Src/stm32l0xx_it.o
                0x08000784                SysTick_Handler
 *fill*         0x08000796        0x2 
 .text.TIM21_IRQHandler
                0x08000798       0x18 ./Src/stm32l0xx_it.o
                0x08000798                TIM21_IRQHandler
 .text.SystemInit
                0x080007b0       0x7c ./Src/system_stm32l0xx.o
                0x080007b0                SystemInit
 .text.HAL_Init
                0x0800082c       0x28 ./Drivers/STM32L0xx_HAL_Driver/Src/stm32l0xx_hal.o
                0x0800082c                HAL_Init
 .text.HAL_InitTick
                0x08000854       0x3c ./Drivers/STM32L0xx_HAL_Driver/Src/stm32l0xx_hal.o
                0x08000854                HAL_InitTick
 .text.HAL_IncTick
                0x08000890       0x18 ./Drivers/STM32L0xx_HAL_Driver/Src/stm32l0xx_hal.o
                0x08000890                HAL_IncTick
 .text.HAL_GetTick
                0x080008a8       0x14 ./Drivers/STM32L0xx_HAL_Driver/Src/stm32l0xx_hal.o
                0x080008a8                HAL_GetTick
 .text.HAL_Delay
                0x080008bc       0x2e ./Drivers/STM32L0xx_HAL_Driver/Src/stm32l0xx_hal.o
                0x080008bc                HAL_Delay
 *fill*         0x080008ea        0x2 
 .text.NVIC_EnableIRQ
                0x080008ec       0x2c ./Drivers/STM32L0xx_HAL_Driver/Src/stm32l0xx_hal_cortex.o
 .text.NVIC_SetPriority
                0x08000918       0xdc ./Drivers/STM32L0xx_HAL_Driver/Src/stm32l0xx_hal_cortex.o
 .text.SysTick_Config
                0x080009f4       0x48 ./Drivers/STM32L0xx_HAL_Driver/Src/stm32l0xx_hal_cortex.o
 .text.HAL_NVIC_SetPriority
                0x08000a3c       0x2c ./Drivers/STM32L0xx_HAL_Driver/Src/stm32l0xx_hal_cortex.o
                0x08000a3c                HAL_NVIC_SetPriority
 .text.HAL_NVIC_EnableIRQ
                0x08000a68       0x20 ./Drivers/STM32L0xx_HAL_Driver/Src/stm32l0xx_hal_cortex.o
                0x08000a68                HAL_NVIC_EnableIRQ
 .text.HAL_SYSTICK_Config
                0x08000a88       0x1a ./Drivers/STM32L0xx_HAL_Driver/Src/stm32l0xx_hal_cortex.o
                0x08000a88                HAL_SYSTICK_Config
 *fill*         0x08000aa2        0x2 
 .text.HAL_SYSTICK_CLKSourceConfig
                0x08000aa4       0x34 ./Drivers/STM32L0xx_HAL_Driver/Src/stm32l0xx_hal_cortex.o
                0x08000aa4                HAL_SYSTICK_CLKSourceConfig
 .text.HAL_SYSTICK_IRQHandler
                0x08000ad8        0xe ./Drivers/STM32L0xx_HAL_Driver/Src/stm32l0xx_hal_cortex.o
                0x08000ad8                HAL_SYSTICK_IRQHandler
 .text.HAL_SYSTICK_Callback
                0x08000ae6        0xa ./Drivers/STM32L0xx_HAL_Driver/Src/stm32l0xx_hal_cortex.o
                0x08000ae6                HAL_SYSTICK_Callback
 .text.HAL_GPIO_Init
                0x08000af0      0x2dc ./Drivers/STM32L0xx_HAL_Driver/Src/stm32l0xx_hal_gpio.o
                0x08000af0                HAL_GPIO_Init
 .text.HAL_GPIO_WritePin
                0x08000dcc       0x3a ./Drivers/STM32L0xx_HAL_Driver/Src/stm32l0xx_hal_gpio.o
                0x08000dcc                HAL_GPIO_WritePin
 .text.HAL_GPIO_TogglePin
                0x08000e06       0x24 ./Drivers/STM32L0xx_HAL_Driver/Src/stm32l0xx_hal_gpio.o
                0x08000e06                HAL_GPIO_TogglePin
 *fill*         0x08000e2a        0x2 
 .text.HAL_RCC_OscConfig
                0x08000e2c      0x698 ./Drivers/STM32L0xx_HAL_Driver/Src/stm32l0xx_hal_rcc.o
                0x08000e2c                HAL_RCC_OscConfig
 .text.HAL_RCC_ClockConfig
                0x080014c4      0x234 ./Drivers/STM32L0xx_HAL_Driver/Src/stm32l0xx_hal_rcc.o
                0x080014c4                HAL_RCC_ClockConfig
 .text.HAL_RCC_GetSysClockFreq
                0x080016f8       0xfc ./Drivers/STM32L0xx_HAL_Driver/Src/stm32l0xx_hal_rcc.o
                0x080016f8                HAL_RCC_GetSysClockFreq
 .text.HAL_RCC_GetHCLKFreq
                0x080017f4       0x14 ./Drivers/STM32L0xx_HAL_Driver/Src/stm32l0xx_hal_rcc.o
                0x080017f4                HAL_RCC_GetHCLKFreq
 .text.RCC_SetFlashLatencyFromMSIRange
                0x08001808       0xb0 ./Drivers/STM32L0xx_HAL_Driver/Src/stm32l0xx_hal_rcc.o
 .text.HAL_TIM_Base_Init
                0x080018b8       0x58 ./Drivers/STM32L0xx_HAL_Driver/Src/stm32l0xx_hal_tim.o
                0x080018b8                HAL_TIM_Base_Init
 .text.HAL_TIM_Base_MspInit
                0x08001910       0x10 ./Drivers/STM32L0xx_HAL_Driver/Src/stm32l0xx_hal_tim.o
                0x08001910                HAL_TIM_Base_MspInit
 .text.HAL_TIM_OC_Init
                0x08001920       0x58 ./Drivers/STM32L0xx_HAL_Driver/Src/stm32l0xx_hal_tim.o
                0x08001920                HAL_TIM_OC_Init
 .text.HAL_TIM_OC_Start
                0x08001978       0x32 ./Drivers/STM32L0xx_HAL_Driver/Src/stm32l0xx_hal_tim.o
                0x08001978                HAL_TIM_OC_Start
 *fill*         0x080019aa        0x2 
 .text.HAL_TIM_OC_Stop
                0x080019ac       0x44 ./Drivers/STM32L0xx_HAL_Driver/Src/stm32l0xx_hal_tim.o
                0x080019ac                HAL_TIM_OC_Stop
 .text.HAL_TIM_OC_Start_IT
                0x080019f0       0x92 ./Drivers/STM32L0xx_HAL_Driver/Src/stm32l0xx_hal_tim.o
                0x080019f0                HAL_TIM_OC_Start_IT
 .text.HAL_TIM_IRQHandler
                0x08001a82      0x1d0 ./Drivers/STM32L0xx_HAL_Driver/Src/stm32l0xx_hal_tim.o
                0x08001a82                HAL_TIM_IRQHandler
 .text.HAL_TIM_OC_ConfigChannel
                0x08001c52       0x9c ./Drivers/STM32L0xx_HAL_Driver/Src/stm32l0xx_hal_tim.o
                0x08001c52                HAL_TIM_OC_ConfigChannel
 *fill*         0x08001cee        0x2 
 .text.HAL_TIM_ConfigClockSource
                0x08001cf0      0x1c0 ./Drivers/STM32L0xx_HAL_Driver/Src/stm32l0xx_hal_tim.o
                0x08001cf0                HAL_TIM_ConfigClockSource
 .text.HAL_TIM_SlaveConfigSynchronization
                0x08001eb0       0x74 ./Drivers/STM32L0xx_HAL_Driver/Src/stm32l0xx_hal_tim.o
                0x08001eb0                HAL_TIM_SlaveConfigSynchronization
 .text.HAL_TIM_PeriodElapsedCallback
                0x08001f24       0x10 ./Drivers/STM32L0xx_HAL_Driver/Src/stm32l0xx_hal_tim.o
                0x08001f24                HAL_TIM_PeriodElapsedCallback
 .text.HAL_TIM_OC_DelayElapsedCallback
                0x08001f34       0x10 ./Drivers/STM32L0xx_HAL_Driver/Src/stm32l0xx_hal_tim.o
                0x08001f34                HAL_TIM_OC_DelayElapsedCallback
 .text.HAL_TIM_IC_CaptureCallback
                0x08001f44       0x10 ./Drivers/STM32L0xx_HAL_Driver/Src/stm32l0xx_hal_tim.o
                0x08001f44                HAL_TIM_IC_CaptureCallback
 .text.HAL_TIM_PWM_PulseFinishedCallback
                0x08001f54       0x10 ./Drivers/STM32L0xx_HAL_Driver/Src/stm32l0xx_hal_tim.o
                0x08001f54                HAL_TIM_PWM_PulseFinishedCallback
 .text.HAL_TIM_TriggerCallback
                0x08001f64       0x10 ./Drivers/STM32L0xx_HAL_Driver/Src/stm32l0xx_hal_tim.o
                0x08001f64                HAL_TIM_TriggerCallback
 .text.TIM_Base_SetConfig
                0x08001f74       0xb0 ./Drivers/STM32L0xx_HAL_Driver/Src/stm32l0xx_hal_tim.o
 .text.TIM_OC1_SetConfig
                0x08002024       0x84 ./Drivers/STM32L0xx_HAL_Driver/Src/stm32l0xx_hal_tim.o
 .text.TIM_OC2_SetConfig
                0x080020a8       0x90 ./Drivers/STM32L0xx_HAL_Driver/Src/stm32l0xx_hal_tim.o
 .text.TIM_OC3_SetConfig
                0x08002138       0x8c ./Drivers/STM32L0xx_HAL_Driver/Src/stm32l0xx_hal_tim.o
 .text.TIM_OC4_SetConfig
                0x080021c4       0x98 ./Drivers/STM32L0xx_HAL_Driver/Src/stm32l0xx_hal_tim.o
 .text.TIM_TI1_ConfigInputStage
                0x0800225c       0x64 ./Drivers/STM32L0xx_HAL_Driver/Src/stm32l0xx_hal_tim.o
 .text.TIM_TI2_ConfigInputStage
                0x080022c0       0x6c ./Drivers/STM32L0xx_HAL_Driver/Src/stm32l0xx_hal_tim.o
 .text.TIM_ITRx_SetConfig
                0x0800232c       0x40 ./Drivers/STM32L0xx_HAL_Driver/Src/stm32l0xx_hal_tim.o
 .text.TIM_ETR_SetConfig
                0x0800236c       0x44 ./Drivers/STM32L0xx_HAL_Driver/Src/stm32l0xx_hal_tim.o
 .text.TIM_CCxChannelCmd
                0x080023b0       0x42 ./Drivers/STM32L0xx_HAL_Driver/Src/stm32l0xx_hal_tim.o
 .text.TIM_SlaveTimer_SetConfig
                0x080023f2      0x112 ./Drivers/STM32L0xx_HAL_Driver/Src/stm32l0xx_hal_tim.o
 .text.HAL_TIMEx_MasterConfigSynchronization
                0x08002504       0x86 ./Drivers/STM32L0xx_HAL_Driver/Src/stm32l0xx_hal_tim_ex.o
                0x08002504                HAL_TIMEx_MasterConfigSynchronization
 *fill*         0x0800258a        0x2 
 .text.__libc_init_array
                0x0800258c       0x48 c:/program files (x86)/gnu tools arm embedded/6 2017-q1-update/bin/../lib/gcc/arm-none-eabi/6.3.1/../../../../arm-none-eabi/lib/thumb/v6-m\libg.a(lib_a-init.o)
                0x0800258c                __libc_init_array
 .text.startup.register_fini
                0x080025d4       0x18 c:/program files (x86)/gnu tools arm embedded/6 2017-q1-update/bin/../lib/gcc/arm-none-eabi/6.3.1/../../../../arm-none-eabi/lib/thumb/v6-m\libg.a(lib_a-__call_atexit.o)
 .text.atexit   0x080025ec       0x10 c:/program files (x86)/gnu tools arm embedded/6 2017-q1-update/bin/../lib/gcc/arm-none-eabi/6.3.1/../../../../arm-none-eabi/lib/thumb/v6-m\libg.a(lib_a-atexit.o)
                0x080025ec                atexit
 .text.__libc_fini_array
                0x080025fc       0x34 c:/program files (x86)/gnu tools arm embedded/6 2017-q1-update/bin/../lib/gcc/arm-none-eabi/6.3.1/../../../../arm-none-eabi/lib/thumb/v6-m\libg.a(lib_a-fini.o)
                0x080025fc                __libc_fini_array
 .text.__retarget_lock_acquire_recursive
                0x08002630        0x4 c:/program files (x86)/gnu tools arm embedded/6 2017-q1-update/bin/../lib/gcc/arm-none-eabi/6.3.1/../../../../arm-none-eabi/lib/thumb/v6-m\libg.a(lib_a-lock.o)
                0x08002630                __retarget_lock_acquire_recursive
 .text.__retarget_lock_release_recursive
                0x08002634        0x4 c:/program files (x86)/gnu tools arm embedded/6 2017-q1-update/bin/../lib/gcc/arm-none-eabi/6.3.1/../../../../arm-none-eabi/lib/thumb/v6-m\libg.a(lib_a-lock.o)
                0x08002634                __retarget_lock_release_recursive
 .text.__register_exitproc
                0x08002638       0xf4 c:/program files (x86)/gnu tools arm embedded/6 2017-q1-update/bin/../lib/gcc/arm-none-eabi/6.3.1/../../../../arm-none-eabi/lib/thumb/v6-m\libg.a(lib_a-__atexit.o)
                0x08002638                __register_exitproc
 *(.glue_7)
 .glue_7        0x0800272c        0x0 linker stubs
 *(.glue_7t)
 .glue_7t       0x0800272c        0x0 linker stubs
 *(.eh_frame)
 .eh_frame      0x0800272c        0x0 c:/program files (x86)/gnu tools arm embedded/6 2017-q1-update/bin/../lib/gcc/arm-none-eabi/6.3.1/thumb/v6-m/crtbegin.o
 *(.init)
 .init          0x0800272c        0x4 c:/program files (x86)/gnu tools arm embedded/6 2017-q1-update/bin/../lib/gcc/arm-none-eabi/6.3.1/thumb/v6-m/crti.o
                0x0800272c                _init
 .init          0x08002730        0x8 c:/program files (x86)/gnu tools arm embedded/6 2017-q1-update/bin/../lib/gcc/arm-none-eabi/6.3.1/thumb/v6-m/crtn.o
 *(.fini)
 .fini          0x08002738        0x4 c:/program files (x86)/gnu tools arm embedded/6 2017-q1-update/bin/../lib/gcc/arm-none-eabi/6.3.1/thumb/v6-m/crti.o
                0x08002738                _fini
 .fini          0x0800273c        0x8 c:/program files (x86)/gnu tools arm embedded/6 2017-q1-update/bin/../lib/gcc/arm-none-eabi/6.3.1/thumb/v6-m/crtn.o
                0x08002744                . = ALIGN (0x4)
                0x08002744                _etext = .

.vfp11_veneer   0x08002744        0x0
 .vfp11_veneer  0x08002744        0x0 linker stubs

.v4_bx          0x08002744        0x0
 .v4_bx         0x08002744        0x0 linker stubs

.iplt           0x08002744        0x0
 .iplt          0x08002744        0x0 c:/program files (x86)/gnu tools arm embedded/6 2017-q1-update/bin/../lib/gcc/arm-none-eabi/6.3.1/thumb/v6-m/crtbegin.o

.rodata         0x08002744       0x30
                0x08002744                . = ALIGN (0x4)
 *(.rodata)
 .rodata        0x08002744        0xe ./Src/main.o
 *(.rodata*)
 *fill*         0x08002752        0x2 
 .rodata.AHBPrescTable
                0x08002754       0x10 ./Src/system_stm32l0xx.o
                0x08002754                AHBPrescTable
 .rodata.PLLMulTable
                0x08002764        0x9 ./Src/system_stm32l0xx.o
                0x08002764                PLLMulTable
 *fill*         0x0800276d        0x3 
 .rodata._global_impure_ptr
                0x08002770        0x4 c:/program files (x86)/gnu tools arm embedded/6 2017-q1-update/bin/../lib/gcc/arm-none-eabi/6.3.1/../../../../arm-none-eabi/lib/thumb/v6-m\libg.a(lib_a-impure.o)
                0x08002770                _global_impure_ptr
                0x08002774                . = ALIGN (0x4)

.rel.dyn        0x08002774        0x0
 .rel.iplt      0x08002774        0x0 c:/program files (x86)/gnu tools arm embedded/6 2017-q1-update/bin/../lib/gcc/arm-none-eabi/6.3.1/thumb/v6-m/crtbegin.o

.ARM.extab
 *(.ARM.extab* .gnu.linkonce.armextab.*)

.ARM            0x08002774        0x0
                0x08002774                __exidx_start = .
 *(.ARM.exidx*)
                0x08002774                __exidx_end = .

.preinit_array  0x08002774        0x0
                0x08002774                PROVIDE (__preinit_array_start, .)
 *(.preinit_array*)
                0x08002774                PROVIDE (__preinit_array_end, .)

.init_array     0x08002774        0x8
                0x08002774                PROVIDE (__init_array_start, .)
 *(SORT(.init_array.*))
 .init_array.00000
                0x08002774        0x4 c:/program files (x86)/gnu tools arm embedded/6 2017-q1-update/bin/../lib/gcc/arm-none-eabi/6.3.1/../../../../arm-none-eabi/lib/thumb/v6-m\libg.a(lib_a-__call_atexit.o)
 *(.init_array*)
 .init_array    0x08002778        0x4 c:/program files (x86)/gnu tools arm embedded/6 2017-q1-update/bin/../lib/gcc/arm-none-eabi/6.3.1/thumb/v6-m/crtbegin.o
                0x0800277c                PROVIDE (__init_array_end, .)

.fini_array     0x0800277c        0x4
                0x0800277c                PROVIDE (__fini_array_start, .)
 *(SORT(.fini_array.*))
 *(.fini_array*)
 .fini_array    0x0800277c        0x4 c:/program files (x86)/gnu tools arm embedded/6 2017-q1-update/bin/../lib/gcc/arm-none-eabi/6.3.1/thumb/v6-m/crtbegin.o
                0x08002780                PROVIDE (__fini_array_end, .)
                0x08002780                _sidata = LOADADDR (.data)

.data           0x20000000      0x434 load address 0x08002780
                0x20000000                . = ALIGN (0x4)
                0x20000000                _sdata = .
 *(.data)
 *(.data*)
 .data.SystemCoreClock
                0x20000000        0x4 ./Src/system_stm32l0xx.o
                0x20000000                SystemCoreClock
 *fill*         0x20000004        0x4 
 .data.impure_data
                0x20000008      0x428 c:/program files (x86)/gnu tools arm embedded/6 2017-q1-update/bin/../lib/gcc/arm-none-eabi/6.3.1/../../../../arm-none-eabi/lib/thumb/v6-m\libg.a(lib_a-impure.o)
 .data.__atexit_recursive_mutex
                0x20000430        0x4 c:/program files (x86)/gnu tools arm embedded/6 2017-q1-update/bin/../lib/gcc/arm-none-eabi/6.3.1/../../../../arm-none-eabi/lib/thumb/v6-m\libg.a(lib_a-__call_atexit.o)
                0x20000430                __atexit_recursive_mutex
                0x20000434                . = ALIGN (0x4)
                0x20000434                _edata = .

.jcr            0x20000434        0x0 load address 0x08002bb4
 .jcr           0x20000434        0x0 c:/program files (x86)/gnu tools arm embedded/6 2017-q1-update/bin/../lib/gcc/arm-none-eabi/6.3.1/thumb/v6-m/crtbegin.o

.igot.plt       0x20000434        0x0 load address 0x08002bb4
 .igot.plt      0x20000434        0x0 c:/program files (x86)/gnu tools arm embedded/6 2017-q1-update/bin/../lib/gcc/arm-none-eabi/6.3.1/thumb/v6-m/crtbegin.o
                0x20000434                . = ALIGN (0x4)

.bss            0x20000434       0xb4 load address 0x08002bb4
                0x20000434                _sbss = .
                0x20000434                __bss_start__ = _sbss
 *(.bss)
 .bss           0x20000434       0x1c c:/program files (x86)/gnu tools arm embedded/6 2017-q1-update/bin/../lib/gcc/arm-none-eabi/6.3.1/thumb/v6-m/crtbegin.o
 *(.bss*)
 *(COMMON)
 COMMON         0x20000450       0x70 ./Src/main.o
                0x20000450                htim2
                0x20000488                htim21
 COMMON         0x200004c0        0x4 ./Drivers/STM32L0xx_HAL_Driver/Src/stm32l0xx_hal.o
                0x200004c0                uwTick
 COMMON         0x200004c4       0x21 c:/program files (x86)/gnu tools arm embedded/6 2017-q1-update/bin/../lib/gcc/arm-none-eabi/6.3.1/../../../../arm-none-eabi/lib/thumb/v6-m\libg.a(lib_a-lock.o)
                0x200004c4                __lock___atexit_recursive_mutex
                0x200004c8                __lock___arc4random_mutex
                0x200004cc                __lock___env_recursive_mutex
                0x200004d0                __lock___sinit_recursive_mutex
                0x200004d4                __lock___malloc_recursive_mutex
                0x200004d8                __lock___at_quick_exit_mutex
                0x200004dc                __lock___dd_hash_mutex
                0x200004e0                __lock___tz_mutex
                0x200004e4                __lock___sfp_recursive_mutex
                0x200004e8                . = ALIGN (0x4)
 *fill*         0x200004e5        0x3 
                0x200004e8                _ebss = .
                0x200004e8                __bss_end__ = _ebss

._user_heap_stack
                0x200004e8      0x600 load address 0x08002bb4
                0x200004e8                . = ALIGN (0x4)
                [!provide]                PROVIDE (end, .)
                [!provide]                PROVIDE (_end, .)
                0x200006e8                . = (. + _Min_Heap_Size)
 *fill*         0x200004e8      0x200 
                0x20000ae8                . = (. + _Min_Stack_Size)
 *fill*         0x200006e8      0x400 
                0x20000ae8                . = ALIGN (0x4)

/DISCARD/
 libc.a(*)
 libm.a(*)
 libgcc.a(*)

.ARM.attributes
                0x00000000       0x28
 *(.ARM.attributes)
 .ARM.attributes
                0x00000000       0x1e c:/program files (x86)/gnu tools arm embedded/6 2017-q1-update/bin/../lib/gcc/arm-none-eabi/6.3.1/thumb/v6-m/crti.o
 .ARM.attributes
                0x0000001e       0x2c c:/program files (x86)/gnu tools arm embedded/6 2017-q1-update/bin/../lib/gcc/arm-none-eabi/6.3.1/thumb/v6-m/crtbegin.o
 .ARM.attributes
                0x0000004a       0x22 ./startup/startup_stm32l031xx.o
 .ARM.attributes
                0x0000006c       0x31 ./Src/main.o
 .ARM.attributes
                0x0000009d       0x31 ./Src/stm32l0xx_hal_msp.o
 .ARM.attributes
                0x000000ce       0x31 ./Src/stm32l0xx_it.o
 .ARM.attributes
                0x000000ff       0x31 ./Src/system_stm32l0xx.o
 .ARM.attributes
                0x00000130       0x31 ./Drivers/STM32L0xx_HAL_Driver/Src/stm32l0xx_hal.o
 .ARM.attributes
                0x00000161       0x31 ./Drivers/STM32L0xx_HAL_Driver/Src/stm32l0xx_hal_cortex.o
 .ARM.attributes
                0x00000192       0x31 ./Drivers/STM32L0xx_HAL_Driver/Src/stm32l0xx_hal_gpio.o
 .ARM.attributes
                0x000001c3       0x31 ./Drivers/STM32L0xx_HAL_Driver/Src/stm32l0xx_hal_rcc.o
 .ARM.attributes
                0x000001f4       0x31 ./Drivers/STM32L0xx_HAL_Driver/Src/stm32l0xx_hal_tim.o
 .ARM.attributes
                0x00000225       0x31 ./Drivers/STM32L0xx_HAL_Driver/Src/stm32l0xx_hal_tim_ex.o
 .ARM.attributes
                0x00000256       0x1e c:/program files (x86)/gnu tools arm embedded/6 2017-q1-update/bin/../lib/gcc/arm-none-eabi/6.3.1/thumb/v6-m\libgcc.a(_udivsi3.o)
 .ARM.attributes
                0x00000274       0x1e c:/program files (x86)/gnu tools arm embedded/6 2017-q1-update/bin/../lib/gcc/arm-none-eabi/6.3.1/thumb/v6-m\libgcc.a(_dvmd_tls.o)
 .ARM.attributes
                0x00000292       0x2c c:/program files (x86)/gnu tools arm embedded/6 2017-q1-update/bin/../lib/gcc/arm-none-eabi/6.3.1/../../../../arm-none-eabi/lib/thumb/v6-m\libg.a(lib_a-impure.o)
 .ARM.attributes
                0x000002be       0x2c c:/program files (x86)/gnu tools arm embedded/6 2017-q1-update/bin/../lib/gcc/arm-none-eabi/6.3.1/../../../../arm-none-eabi/lib/thumb/v6-m\libg.a(lib_a-init.o)
 .ARM.attributes
                0x000002ea       0x2c c:/program files (x86)/gnu tools arm embedded/6 2017-q1-update/bin/../lib/gcc/arm-none-eabi/6.3.1/../../../../arm-none-eabi/lib/thumb/v6-m\libg.a(lib_a-__call_atexit.o)
 .ARM.attributes
                0x00000316       0x2c c:/program files (x86)/gnu tools arm embedded/6 2017-q1-update/bin/../lib/gcc/arm-none-eabi/6.3.1/../../../../arm-none-eabi/lib/thumb/v6-m\libg.a(lib_a-atexit.o)
 .ARM.attributes
                0x00000342       0x2c c:/program files (x86)/gnu tools arm embedded/6 2017-q1-update/bin/../lib/gcc/arm-none-eabi/6.3.1/../../../../arm-none-eabi/lib/thumb/v6-m\libg.a(lib_a-fini.o)
 .ARM.attributes
                0x0000036e       0x2c c:/program files (x86)/gnu tools arm embedded/6 2017-q1-update/bin/../lib/gcc/arm-none-eabi/6.3.1/../../../../arm-none-eabi/lib/thumb/v6-m\libg.a(lib_a-lock.o)
 .ARM.attributes
                0x0000039a       0x2c c:/program files (x86)/gnu tools arm embedded/6 2017-q1-update/bin/../lib/gcc/arm-none-eabi/6.3.1/../../../../arm-none-eabi/lib/thumb/v6-m\libg.a(lib_a-__atexit.o)
 .ARM.attributes
                0x000003c6       0x1e c:/program files (x86)/gnu tools arm embedded/6 2017-q1-update/bin/../lib/gcc/arm-none-eabi/6.3.1/thumb/v6-m/crtn.o
OUTPUT(IR_Control.elf elf32-littlearm)

.debug_line     0x00000000     0x60ef
 .debug_line    0x00000000       0x85 ./startup/startup_stm32l031xx.o
 .debug_line    0x00000085      0x7fd ./Src/main.o
 .debug_line    0x00000882      0x768 ./Src/stm32l0xx_hal_msp.o
 .debug_line    0x00000fea      0x744 ./Src/stm32l0xx_it.o
 .debug_line    0x0000172e      0x755 ./Src/system_stm32l0xx.o
 .debug_line    0x00001e83      0x906 ./Drivers/STM32L0xx_HAL_Driver/Src/stm32l0xx_hal.o
 .debug_line    0x00002789      0x8fb ./Drivers/STM32L0xx_HAL_Driver/Src/stm32l0xx_hal_cortex.o
 .debug_line    0x00003084      0x8ad ./Drivers/STM32L0xx_HAL_Driver/Src/stm32l0xx_hal_gpio.o
 .debug_line    0x00003931      0x9da ./Drivers/STM32L0xx_HAL_Driver/Src/stm32l0xx_hal_rcc.o
 .debug_line    0x0000430b     0x1639 ./Drivers/STM32L0xx_HAL_Driver/Src/stm32l0xx_hal_tim.o
 .debug_line    0x00005944      0x7ab ./Drivers/STM32L0xx_HAL_Driver/Src/stm32l0xx_hal_tim_ex.o

.debug_info     0x00000000     0xb498
 .debug_info    0x00000000       0x81 ./startup/startup_stm32l031xx.o
 .debug_info    0x00000081     0x1489 ./Src/main.o
 .debug_info    0x0000150a     0x10d6 ./Src/stm32l0xx_hal_msp.o
 .debug_info    0x000025e0      0xd96 ./Src/stm32l0xx_it.o
 .debug_info    0x00003376      0xbad ./Src/system_stm32l0xx.o
 .debug_info    0x00003f23      0xf29 ./Drivers/STM32L0xx_HAL_Driver/Src/stm32l0xx_hal.o
 .debug_info    0x00004e4c      0xf27 ./Drivers/STM32L0xx_HAL_Driver/Src/stm32l0xx_hal_cortex.o
 .debug_info    0x00005d73      0xedd ./Drivers/STM32L0xx_HAL_Driver/Src/stm32l0xx_hal_gpio.o
 .debug_info    0x00006c50     0x10d0 ./Drivers/STM32L0xx_HAL_Driver/Src/stm32l0xx_hal_rcc.o
 .debug_info    0x00007d20     0x2938 ./Drivers/STM32L0xx_HAL_Driver/Src/stm32l0xx_hal_tim.o
 .debug_info    0x0000a658      0xe40 ./Drivers/STM32L0xx_HAL_Driver/Src/stm32l0xx_hal_tim_ex.o

.debug_abbrev   0x00000000     0x1948
 .debug_abbrev  0x00000000       0x12 ./startup/startup_stm32l031xx.o
 .debug_abbrev  0x00000012      0x2a8 ./Src/main.o
 .debug_abbrev  0x000002ba      0x242 ./Src/stm32l0xx_hal_msp.o
 .debug_abbrev  0x000004fc      0x1e7 ./Src/stm32l0xx_it.o
 .debug_abbrev  0x000006e3      0x205 ./Src/system_stm32l0xx.o
 .debug_abbrev  0x000008e8      0x2ac ./Drivers/STM32L0xx_HAL_Driver/Src/stm32l0xx_hal.o
 .debug_abbrev  0x00000b94      0x33b ./Drivers/STM32L0xx_HAL_Driver/Src/stm32l0xx_hal_cortex.o
 .debug_abbrev  0x00000ecf      0x27e ./Drivers/STM32L0xx_HAL_Driver/Src/stm32l0xx_hal_gpio.o
 .debug_abbrev  0x0000114d      0x2f0 ./Drivers/STM32L0xx_HAL_Driver/Src/stm32l0xx_hal_rcc.o
 .debug_abbrev  0x0000143d      0x2e6 ./Drivers/STM32L0xx_HAL_Driver/Src/stm32l0xx_hal_tim.o
 .debug_abbrev  0x00001723      0x225 ./Drivers/STM32L0xx_HAL_Driver/Src/stm32l0xx_hal_tim_ex.o

.debug_aranges  0x00000000      0x708
 .debug_aranges
                0x00000000       0x28 ./startup/startup_stm32l031xx.o
 .debug_aranges
                0x00000028       0x48 ./Src/main.o
 .debug_aranges
                0x00000070       0x38 ./Src/stm32l0xx_hal_msp.o
 .debug_aranges
                0x000000a8       0x28 ./Src/stm32l0xx_it.o
 .debug_aranges
                0x000000d0       0x28 ./Src/system_stm32l0xx.o
 .debug_aranges
                0x000000f8       0xe0 ./Drivers/STM32L0xx_HAL_Driver/Src/stm32l0xx_hal.o
 .debug_aranges
                0x000001d8       0xc0 ./Drivers/STM32L0xx_HAL_Driver/Src/stm32l0xx_hal_cortex.o
 .debug_aranges
                0x00000298       0x58 ./Drivers/STM32L0xx_HAL_Driver/Src/stm32l0xx_hal_gpio.o
 .debug_aranges
                0x000002f0       0x88 ./Drivers/STM32L0xx_HAL_Driver/Src/stm32l0xx_hal_rcc.o
 .debug_aranges
                0x00000378      0x368 ./Drivers/STM32L0xx_HAL_Driver/Src/stm32l0xx_hal_tim.o
 .debug_aranges
                0x000006e0       0x28 ./Drivers/STM32L0xx_HAL_Driver/Src/stm32l0xx_hal_tim_ex.o

.debug_ranges   0x00000000      0x660
 .debug_ranges  0x00000000       0x20 ./startup/startup_stm32l031xx.o
 .debug_ranges  0x00000020       0x38 ./Src/main.o
 .debug_ranges  0x00000058       0x28 ./Src/stm32l0xx_hal_msp.o
 .debug_ranges  0x00000080       0x18 ./Src/stm32l0xx_it.o
 .debug_ranges  0x00000098       0x18 ./Src/system_stm32l0xx.o
 .debug_ranges  0x000000b0       0xd0 ./Drivers/STM32L0xx_HAL_Driver/Src/stm32l0xx_hal.o
 .debug_ranges  0x00000180       0xb0 ./Drivers/STM32L0xx_HAL_Driver/Src/stm32l0xx_hal_cortex.o
 .debug_ranges  0x00000230       0x48 ./Drivers/STM32L0xx_HAL_Driver/Src/stm32l0xx_hal_gpio.o
 .debug_ranges  0x00000278       0x78 ./Drivers/STM32L0xx_HAL_Driver/Src/stm32l0xx_hal_rcc.o
 .debug_ranges  0x000002f0      0x358 ./Drivers/STM32L0xx_HAL_Driver/Src/stm32l0xx_hal_tim.o
 .debug_ranges  0x00000648       0x18 ./Drivers/STM32L0xx_HAL_Driver/Src/stm32l0xx_hal_tim_ex.o

.debug_macro    0x00000000    0x11358
 .debug_macro   0x00000000      0x306 ./Src/main.o
 .debug_macro   0x00000306      0x892 ./Src/main.o
 .debug_macro   0x00000b98       0x58 ./Src/main.o
 .debug_macro   0x00000bf0       0x97 ./Src/main.o
 .debug_macro   0x00000c87       0x2e ./Src/main.o
 .debug_macro   0x00000cb5       0x28 ./Src/main.o
 .debug_macro   0x00000cdd       0x22 ./Src/main.o
 .debug_macro   0x00000cff       0x87 ./Src/main.o
 .debug_macro   0x00000d86       0x51 ./Src/main.o
 .debug_macro   0x00000dd7       0xef ./Src/main.o
 .debug_macro   0x00000ec6       0x6a ./Src/main.o
 .debug_macro   0x00000f30      0x1df ./Src/main.o
 .debug_macro   0x0000110f       0x34 ./Src/main.o
 .debug_macro   0x00001143       0x26 ./Src/main.o
 .debug_macro   0x00001169      0x329 ./Src/main.o
 .debug_macro   0x00001492     0x7ec1 ./Src/main.o
 .debug_macro   0x00009353       0x3c ./Src/main.o
 .debug_macro   0x0000938f     0x34a2 ./Src/main.o
 .debug_macro   0x0000c831       0x58 ./Src/main.o
 .debug_macro   0x0000c889       0x35 ./Src/main.o
 .debug_macro   0x0000c8be       0x9c ./Src/main.o
 .debug_macro   0x0000c95a       0x16 ./Src/main.o
 .debug_macro   0x0000c970       0x97 ./Src/main.o
 .debug_macro   0x0000ca07      0x30d ./Src/main.o
 .debug_macro   0x0000cd14       0xfd ./Src/main.o
 .debug_macro   0x0000ce11       0x10 ./Src/main.o
 .debug_macro   0x0000ce21       0x58 ./Src/main.o
 .debug_macro   0x0000ce79       0x1f ./Src/main.o
 .debug_macro   0x0000ce98       0x43 ./Src/main.o
 .debug_macro   0x0000cedb       0x20 ./Src/main.o
 .debug_macro   0x0000cefb      0x187 ./Src/main.o
 .debug_macro   0x0000d082       0x10 ./Src/main.o
 .debug_macro   0x0000d092       0x1c ./Src/main.o
 .debug_macro   0x0000d0ae       0x52 ./Src/main.o
 .debug_macro   0x0000d100       0x40 ./Src/main.o
 .debug_macro   0x0000d140       0x10 ./Src/main.o
 .debug_macro   0x0000d150       0x40 ./Src/main.o
 .debug_macro   0x0000d190       0xd7 ./Src/main.o
 .debug_macro   0x0000d267       0x16 ./Src/main.o
 .debug_macro   0x0000d27d      0x18b ./Src/main.o
 .debug_macro   0x0000d408       0x57 ./Src/main.o
 .debug_macro   0x0000d45f      0x8b8 ./Src/main.o
 .debug_macro   0x0000dd17      0x474 ./Src/main.o
 .debug_macro   0x0000e18b      0x14d ./Src/main.o
 .debug_macro   0x0000e2d8      0x114 ./Src/main.o
 .debug_macro   0x0000e3ec      0x279 ./Src/main.o
 .debug_macro   0x0000e665       0x28 ./Src/main.o
 .debug_macro   0x0000e68d      0x12a ./Src/main.o
 .debug_macro   0x0000e7b7      0x246 ./Src/main.o
 .debug_macro   0x0000e9fd      0x202 ./Src/main.o
 .debug_macro   0x0000ebff       0x5b ./Src/main.o
 .debug_macro   0x0000ec5a       0x90 ./Src/main.o
 .debug_macro   0x0000ecea      0x18f ./Src/main.o
 .debug_macro   0x0000ee79       0x16 ./Src/main.o
 .debug_macro   0x0000ee8f      0x703 ./Src/main.o
 .debug_macro   0x0000f592      0x11b ./Src/main.o
 .debug_macro   0x0000f6ad      0x123 ./Src/main.o
 .debug_macro   0x0000f7d0      0x2f8 ./Src/stm32l0xx_hal_msp.o
 .debug_macro   0x0000fac8      0x302 ./Src/stm32l0xx_it.o
 .debug_macro   0x0000fdca      0x2fe ./Src/system_stm32l0xx.o
 .debug_macro   0x000100c8      0x31c ./Drivers/STM32L0xx_HAL_Driver/Src/stm32l0xx_hal.o
 .debug_macro   0x000103e4      0x2f8 ./Drivers/STM32L0xx_HAL_Driver/Src/stm32l0xx_hal_cortex.o
 .debug_macro   0x000106dc      0x331 ./Drivers/STM32L0xx_HAL_Driver/Src/stm32l0xx_hal_gpio.o
 .debug_macro   0x00010a0d      0x35a ./Drivers/STM32L0xx_HAL_Driver/Src/stm32l0xx_hal_rcc.o
 .debug_macro   0x00010d67      0x2f9 ./Drivers/STM32L0xx_HAL_Driver/Src/stm32l0xx_hal_tim.o
 .debug_macro   0x00011060      0x2f8 ./Drivers/STM32L0xx_HAL_Driver/Src/stm32l0xx_hal_tim_ex.o

.debug_str      0x00000000    0x657e0
 .debug_str     0x00000000    0x63e73 ./Src/main.o
                              0x64260 (size before relaxing)
 .debug_str     0x00063e73       0x70 ./Src/stm32l0xx_hal_msp.o
                              0x63f6f (size before relaxing)
 .debug_str     0x00063ee3       0x37 ./Src/stm32l0xx_it.o
                              0x63cf5 (size before relaxing)
 .debug_str     0x00063f1a       0xa1 ./Src/system_stm32l0xx.o
                              0x63a37 (size before relaxing)
 .debug_str     0x00063fbb      0x3c3 ./Drivers/STM32L0xx_HAL_Driver/Src/stm32l0xx_hal.o
                              0x63fbe (size before relaxing)
 .debug_str     0x0006437e      0x1da ./Drivers/STM32L0xx_HAL_Driver/Src/stm32l0xx_hal_cortex.o
                              0x63d2a (size before relaxing)
 .debug_str     0x00064558      0x247 ./Drivers/STM32L0xx_HAL_Driver/Src/stm32l0xx_hal_gpio.o
                              0x63cec (size before relaxing)
 .debug_str     0x0006479f      0x41c ./Drivers/STM32L0xx_HAL_Driver/Src/stm32l0xx_hal_rcc.o
                              0x64009 (size before relaxing)
 .debug_str     0x00064bbb      0xba8 ./Drivers/STM32L0xx_HAL_Driver/Src/stm32l0xx_hal_tim.o
                              0x64a2f (size before relaxing)
 .debug_str     0x00065763       0x7d ./Drivers/STM32L0xx_HAL_Driver/Src/stm32l0xx_hal_tim_ex.o
                              0x63da9 (size before relaxing)

.comment        0x00000000       0x7f
 .comment       0x00000000       0x7f ./Src/main.o
                                 0x80 (size before relaxing)
 .comment       0x0000007f       0x80 ./Src/stm32l0xx_hal_msp.o
 .comment       0x0000007f       0x80 ./Src/stm32l0xx_it.o
 .comment       0x0000007f       0x80 ./Src/system_stm32l0xx.o
 .comment       0x0000007f       0x80 ./Drivers/STM32L0xx_HAL_Driver/Src/stm32l0xx_hal.o
 .comment       0x0000007f       0x80 ./Drivers/STM32L0xx_HAL_Driver/Src/stm32l0xx_hal_cortex.o
 .comment       0x0000007f       0x80 ./Drivers/STM32L0xx_HAL_Driver/Src/stm32l0xx_hal_gpio.o
 .comment       0x0000007f       0x80 ./Drivers/STM32L0xx_HAL_Driver/Src/stm32l0xx_hal_rcc.o
 .comment       0x0000007f       0x80 ./Drivers/STM32L0xx_HAL_Driver/Src/stm32l0xx_hal_tim.o
 .comment       0x0000007f       0x80 ./Drivers/STM32L0xx_HAL_Driver/Src/stm32l0xx_hal_tim_ex.o

.debug_frame    0x00000000     0x19b8
 .debug_frame   0x00000000       0xcc ./Src/main.o
 .debug_frame   0x000000cc       0x8c ./Src/stm32l0xx_hal_msp.o
 .debug_frame   0x00000158       0x48 ./Src/stm32l0xx_it.o
 .debug_frame   0x000001a0       0x4c ./Src/system_stm32l0xx.o
 .debug_frame   0x000001ec      0x2e0 ./Drivers/STM32L0xx_HAL_Driver/Src/stm32l0xx_hal.o
 .debug_frame   0x000004cc      0x2a4 ./Drivers/STM32L0xx_HAL_Driver/Src/stm32l0xx_hal_cortex.o
 .debug_frame   0x00000770      0x110 ./Drivers/STM32L0xx_HAL_Driver/Src/stm32l0xx_hal_gpio.o
 .debug_frame   0x00000880      0x1b8 ./Drivers/STM32L0xx_HAL_Driver/Src/stm32l0xx_hal_rcc.o
 .debug_frame   0x00000a38      0xd50 ./Drivers/STM32L0xx_HAL_Driver/Src/stm32l0xx_hal_tim.o
 .debug_frame   0x00001788       0x50 ./Drivers/STM32L0xx_HAL_Driver/Src/stm32l0xx_hal_tim_ex.o
 .debug_frame   0x000017d8       0x20 c:/program files (x86)/gnu tools arm embedded/6 2017-q1-update/bin/../lib/gcc/arm-none-eabi/6.3.1/thumb/v6-m\libgcc.a(_udivsi3.o)
 .debug_frame   0x000017f8       0x2c c:/program files (x86)/gnu tools arm embedded/6 2017-q1-update/bin/../lib/gcc/arm-none-eabi/6.3.1/../../../../arm-none-eabi/lib/thumb/v6-m\libg.a(lib_a-init.o)
 .debug_frame   0x00001824       0x54 c:/program files (x86)/gnu tools arm embedded/6 2017-q1-update/bin/../lib/gcc/arm-none-eabi/6.3.1/../../../../arm-none-eabi/lib/thumb/v6-m\libg.a(lib_a-__call_atexit.o)
 .debug_frame   0x00001878       0x28 c:/program files (x86)/gnu tools arm embedded/6 2017-q1-update/bin/../lib/gcc/arm-none-eabi/6.3.1/../../../../arm-none-eabi/lib/thumb/v6-m\libg.a(lib_a-atexit.o)
 .debug_frame   0x000018a0       0x2c c:/program files (x86)/gnu tools arm embedded/6 2017-q1-update/bin/../lib/gcc/arm-none-eabi/6.3.1/../../../../arm-none-eabi/lib/thumb/v6-m\libg.a(lib_a-fini.o)
 .debug_frame   0x000018cc       0xb0 c:/program files (x86)/gnu tools arm embedded/6 2017-q1-update/bin/../lib/gcc/arm-none-eabi/6.3.1/../../../../arm-none-eabi/lib/thumb/v6-m\libg.a(lib_a-lock.o)
 .debug_frame   0x0000197c       0x3c c:/program files (x86)/gnu tools arm embedded/6 2017-q1-update/bin/../lib/gcc/arm-none-eabi/6.3.1/../../../../arm-none-eabi/lib/thumb/v6-m\libg.a(lib_a-__atexit.o)
